
> healthcare-frontend@1.0.0 build
> tsc && vite build Check-In

src/components/requests/PatientRequestModal.tsx(322,7): error TS2322: Type '"wallet"' is not assignable to type '"offline" | "card" | "paystack" | "flutterwave"'.
